// Jest Snapshot v1, https://goo.gl/fbAQLP

exports[`ControlledForm renders successfully 1`] = `ShallowWrapper {}`;
